[expo-share-intent] IOS module disabled
Require cycle: src/store/index.ts -> src/store/useUsage.ts -> src/services/nativeUsage.ts -> src/store/index.ts

Require cycles are allowed, but can result in uninitialized values. Consider refactoring to remove the need for a cycle.
"shadow*" style props are deprecated. Use "boxShadow".
"textShadow*" style props are deprecated. Use "textShadow".
C:\Users\K.Grover29\OneDrive - Bellarmine College Preparatory\Documents\hopoffv2it\node_modules\expo\node_modules\@expo\cli\build\src\utils\errors.js:130
    throw error;
    ^

ReferenceError: window is not defined
    at C:/Users/K.Grover29/OneDrive - Bellarmine College Preparatory/Documents/hopoffv2it/node_modules/expo/node_modules/@expo/cli/node_modules/@expo/router-server/node/render.js.bundle?platform=web&dev=true&hot=false&transform.engine=hermes&transform.routerRoot=src%2Fapp&resolver.environment=node&transform.environment=node&unstable_transformProfile=hermes-stable:203367:54
    at C:/Users/K.Grover29/OneDrive - Bellarmine College Preparatory/Documents/hopoffv2it/node_modules/expo/node_modules/@expo/cli/node_modules/@expo/router-server/node/render.js.bundle?platform=web&dev=true&hot=false&transform.engine=hermes&transform.routerRoot=src%2Fapp&resolver.environment=node&transform.environment=node&unstable_transformProfile=hermes-stable:203337:23
    at new Promise (<anonymous>)
    at createPromise (C:/Users/K.Grover29/OneDrive - Bellarmine College Preparatory/Documents/hopoffv2it/node_modules/expo/node_modules/@expo/cli/node_modules/@expo/router-server/node/render.js.bundle?platform=web&dev=true&hot=false&transform.engine=hermes&transform.routerRoot=src%2Fapp&resolver.environment=node&transform.environment=node&unstable_transformProfile=hermes-stable:203335:12)
    at Object.setItem (C:/Users/K.Grover29/OneDrive - Bellarmine College Preparatory/Documents/hopoffv2it/node_modules/expo/node_modules/@expo/cli/node_modules/@expo/router-server/node/render.js.bundle?platform=web&dev=true&hot=false&transform.engine=hermes&transform.routerRoot=src%2Fapp&resolver.environment=node&transform.environment=node&unstable_transformProfile=hermes-stable:203367:14)
    at Object.setItem (C:/Users/K.Grover29/OneDrive - Bellarmine College Preparatory/Documents/hopoffv2it/node_modules/expo/node_modules/@expo/cli/node_modules/@expo/router-server/node/render.js.bundle?platform=web&dev=true&hot=false&transform.engine=hermes&transform.routerRoot=src%2Fapp&resolver.environment=node&transform.environment=node&unstable_transformProfile=hermes-stable:164343:44)
    at setItem (C:/Users/K.Grover29/OneDrive - Bellarmine College Preparatory/Documents/hopoffv2it/node_modules/expo/node_modules/@expo/cli/node_modules/@expo/router-server/node/render.js.bundle?platform=web&dev=true&hot=false&transform.engine=hermes&transform.routerRoot=src%2Fapp&resolver.environment=node&transform.environment=node&unstable_transformProfile=hermes-stable:164399:22)
    at api.setState (C:/Users/K.Grover29/OneDrive - Bellarmine College Preparatory/Documents/hopoffv2it/node_modules/expo/node_modules/@expo/cli/node_modules/@expo/router-server/node/render.js.bundle?platform=web&dev=true&hot=false&transform.engine=hermes&transform.routerRoot=src%2Fapp&resolver.environment=node&transform.environment=node&unstable_transformProfile=hermes-stable:164407:14)
    at C:/Users/K.Grover29/OneDrive - Bellarmine College Preparatory/Documents/hopoffv2it/node_modules/expo/node_modules/@expo/cli/node_modules/@expo/router-server/node/render.js.bundle?platform=web&dev=true&hot=false&transform.engine=hermes&transform.routerRoot=src%2Fapp&resolver.environment=node&transform.environment=node&unstable_transformProfile=hermes-stable:165066:21
    at C:/Users/K.Grover29/OneDrive - Bellarmine College Preparatory/Documents/hopoffv2it/node_modules/expo/node_modules/@expo/cli/node_modules/@expo/router-server/node/render.js.bundle?platform=web&dev=true&hot=false&transform.engine=hermes&transform.routerRoot=src%2Fapp&resolver.environment=node&transform.environment=node&unstable_transformProfile=hermes-stable:164464:52

Node.js v24.16.0
