[expo-share-intent] IOS module disabled
Require cycle: src/store/index.ts -> src/store/useUsage.ts -> src/services/nativeUsage.ts -> src/store/index.ts

Require cycles are allowed, but can result in uninitialized values. Consider refactoring to remove the need for a cycle.
"shadow*" style props are deprecated. Use "boxShadow".
"textShadow*" style props are deprecated. Use "textShadow".
Require cycle: src/store/index.ts -> src/store/useUsage.ts -> src/services/nativeUsage.ts -> src/store/index.ts

Require cycles are allowed, but can result in uninitialized values. Consider refactoring to remove the need for a cycle.
"shadow*" style props are deprecated. Use "boxShadow".
"textShadow*" style props are deprecated. Use "textShadow".
Require cycle: src/store/index.ts -> src/store/useUsage.ts -> src/services/nativeUsage.ts -> src/store/index.ts

Require cycles are allowed, but can result in uninitialized values. Consider refactoring to remove the need for a cycle.
"shadow*" style props are deprecated. Use "boxShadow".
"textShadow*" style props are deprecated. Use "textShadow".
Require cycle: src/store/index.ts -> src/store/useUsage.ts -> src/services/nativeUsage.ts -> src/store/index.ts

Require cycles are allowed, but can result in uninitialized values. Consider refactoring to remove the need for a cycle.
"shadow*" style props are deprecated. Use "boxShadow".
"textShadow*" style props are deprecated. Use "textShadow".
Require cycle: src/store/index.ts -> src/store/useUsage.ts -> src/services/nativeUsage.ts -> src/store/index.ts

Require cycles are allowed, but can result in uninitialized values. Consider refactoring to remove the need for a cycle.
"shadow*" style props are deprecated. Use "boxShadow".
"textShadow*" style props are deprecated. Use "textShadow".
Require cycle: src/store/index.ts -> src/store/useUsage.ts -> src/services/nativeUsage.ts -> src/store/index.ts

Require cycles are allowed, but can result in uninitialized values. Consider refactoring to remove the need for a cycle.
"shadow*" style props are deprecated. Use "boxShadow".
"textShadow*" style props are deprecated. Use "textShadow".
Require cycle: src/store/index.ts -> src/store/useUsage.ts -> src/services/nativeUsage.ts -> src/store/index.ts

Require cycles are allowed, but can result in uninitialized values. Consider refactoring to remove the need for a cycle.
"shadow*" style props are deprecated. Use "boxShadow".
"textShadow*" style props are deprecated. Use "textShadow".
Require cycle: src/store/index.ts -> src/store/useUsage.ts -> src/services/nativeUsage.ts -> src/store/index.ts

Require cycles are allowed, but can result in uninitialized values. Consider refactoring to remove the need for a cycle.
"shadow*" style props are deprecated. Use "boxShadow".
"textShadow*" style props are deprecated. Use "textShadow".
Require cycle: src/store/index.ts -> src/store/useUsage.ts -> src/services/nativeUsage.ts -> src/store/index.ts

Require cycles are allowed, but can result in uninitialized values. Consider refactoring to remove the need for a cycle.
"shadow*" style props are deprecated. Use "boxShadow".
"textShadow*" style props are deprecated. Use "textShadow".
Require cycle: src/store/index.ts -> src/store/useUsage.ts -> src/services/nativeUsage.ts -> src/store/index.ts

Require cycles are allowed, but can result in uninitialized values. Consider refactoring to remove the need for a cycle.
"shadow*" style props are deprecated. Use "boxShadow".
"textShadow*" style props are deprecated. Use "textShadow".
Require cycle: src/store/index.ts -> src/store/useUsage.ts -> src/services/nativeUsage.ts -> src/store/index.ts

Require cycles are allowed, but can result in uninitialized values. Consider refactoring to remove the need for a cycle.
"shadow*" style props are deprecated. Use "boxShadow".
"textShadow*" style props are deprecated. Use "textShadow".
Require cycle: src/store/index.ts -> src/store/useUsage.ts -> src/services/nativeUsage.ts -> src/store/index.ts

Require cycles are allowed, but can result in uninitialized values. Consider refactoring to remove the need for a cycle.
"shadow*" style props are deprecated. Use "boxShadow".
"textShadow*" style props are deprecated. Use "textShadow".
Require cycle: src/store/index.ts -> src/store/useUsage.ts -> src/services/nativeUsage.ts -> src/store/index.ts

Require cycles are allowed, but can result in uninitialized values. Consider refactoring to remove the need for a cycle.
"shadow*" style props are deprecated. Use "boxShadow".
"textShadow*" style props are deprecated. Use "textShadow".
Require cycle: src/store/index.ts -> src/store/useUsage.ts -> src/services/nativeUsage.ts -> src/store/index.ts

Require cycles are allowed, but can result in uninitialized values. Consider refactoring to remove the need for a cycle.
"shadow*" style props are deprecated. Use "boxShadow".
"textShadow*" style props are deprecated. Use "textShadow".
Require cycle: src/store/index.ts -> src/store/useUsage.ts -> src/services/nativeUsage.ts -> src/store/index.ts

Require cycles are allowed, but can result in uninitialized values. Consider refactoring to remove the need for a cycle.
"shadow*" style props are deprecated. Use "boxShadow".
"textShadow*" style props are deprecated. Use "textShadow".
Require cycle: src/store/index.ts -> src/store/useUsage.ts -> src/services/nativeUsage.ts -> src/store/index.ts

Require cycles are allowed, but can result in uninitialized values. Consider refactoring to remove the need for a cycle.
"shadow*" style props are deprecated. Use "boxShadow".
"textShadow*" style props are deprecated. Use "textShadow".
Require cycle: src/store/index.ts -> src/store/useUsage.ts -> src/services/nativeUsage.ts -> src/store/index.ts

Require cycles are allowed, but can result in uninitialized values. Consider refactoring to remove the need for a cycle.
"shadow*" style props are deprecated. Use "boxShadow".
"textShadow*" style props are deprecated. Use "textShadow".
Require cycle: src/store/index.ts -> src/store/useUsage.ts -> src/services/nativeUsage.ts -> src/store/index.ts

Require cycles are allowed, but can result in uninitialized values. Consider refactoring to remove the need for a cycle.
"shadow*" style props are deprecated. Use "boxShadow".
"textShadow*" style props are deprecated. Use "textShadow".
Require cycle: src/store/index.ts -> src/store/useUsage.ts -> src/services/nativeUsage.ts -> src/store/index.ts

Require cycles are allowed, but can result in uninitialized values. Consider refactoring to remove the need for a cycle.
"shadow*" style props are deprecated. Use "boxShadow".
"textShadow*" style props are deprecated. Use "textShadow".
Require cycle: src/store/index.ts -> src/store/useUsage.ts -> src/services/nativeUsage.ts -> src/store/index.ts

Require cycles are allowed, but can result in uninitialized values. Consider refactoring to remove the need for a cycle.
"shadow*" style props are deprecated. Use "boxShadow".
"textShadow*" style props are deprecated. Use "textShadow".
Require cycle: src/store/index.ts -> src/store/useUsage.ts -> src/services/nativeUsage.ts -> src/store/index.ts

Require cycles are allowed, but can result in uninitialized values. Consider refactoring to remove the need for a cycle.
"shadow*" style props are deprecated. Use "boxShadow".
"textShadow*" style props are deprecated. Use "textShadow".
Require cycle: src/store/index.ts -> src/store/useUsage.ts -> src/services/nativeUsage.ts -> src/store/index.ts

Require cycles are allowed, but can result in uninitialized values. Consider refactoring to remove the need for a cycle.
"shadow*" style props are deprecated. Use "boxShadow".
"textShadow*" style props are deprecated. Use "textShadow".
Require cycle: src/store/index.ts -> src/store/useUsage.ts -> src/services/nativeUsage.ts -> src/store/index.ts

Require cycles are allowed, but can result in uninitialized values. Consider refactoring to remove the need for a cycle.
"shadow*" style props are deprecated. Use "boxShadow".
"textShadow*" style props are deprecated. Use "textShadow".
Require cycle: src/store/index.ts -> src/store/useUsage.ts -> src/services/nativeUsage.ts -> src/store/index.ts

Require cycles are allowed, but can result in uninitialized values. Consider refactoring to remove the need for a cycle.
"shadow*" style props are deprecated. Use "boxShadow".
"textShadow*" style props are deprecated. Use "textShadow".
Require cycle: src/store/index.ts -> src/store/useUsage.ts -> src/services/nativeUsage.ts -> src/store/index.ts

Require cycles are allowed, but can result in uninitialized values. Consider refactoring to remove the need for a cycle.
"shadow*" style props are deprecated. Use "boxShadow".
"textShadow*" style props are deprecated. Use "textShadow".
Require cycle: src/store/index.ts -> src/store/useUsage.ts -> src/services/nativeUsage.ts -> src/store/index.ts

Require cycles are allowed, but can result in uninitialized values. Consider refactoring to remove the need for a cycle.
"shadow*" style props are deprecated. Use "boxShadow".
"textShadow*" style props are deprecated. Use "textShadow".
Require cycle: src/store/index.ts -> src/store/useUsage.ts -> src/services/nativeUsage.ts -> src/store/index.ts

Require cycles are allowed, but can result in uninitialized values. Consider refactoring to remove the need for a cycle.
"shadow*" style props are deprecated. Use "boxShadow".
"textShadow*" style props are deprecated. Use "textShadow".
Require cycle: src/store/index.ts -> src/store/useUsage.ts -> src/services/nativeUsage.ts -> src/store/index.ts

Require cycles are allowed, but can result in uninitialized values. Consider refactoring to remove the need for a cycle.
"shadow*" style props are deprecated. Use "boxShadow".
"textShadow*" style props are deprecated. Use "textShadow".
Require cycle: src/store/index.ts -> src/store/useUsage.ts -> src/services/nativeUsage.ts -> src/store/index.ts

Require cycles are allowed, but can result in uninitialized values. Consider refactoring to remove the need for a cycle.
"shadow*" style props are deprecated. Use "boxShadow".
"textShadow*" style props are deprecated. Use "textShadow".
Require cycle: src/store/index.ts -> src/store/useUsage.ts -> src/services/nativeUsage.ts -> src/store/index.ts

Require cycles are allowed, but can result in uninitialized values. Consider refactoring to remove the need for a cycle.
"shadow*" style props are deprecated. Use "boxShadow".
"textShadow*" style props are deprecated. Use "textShadow".
Require cycle: src/store/index.ts -> src/store/useUsage.ts -> src/services/nativeUsage.ts -> src/store/index.ts

Require cycles are allowed, but can result in uninitialized values. Consider refactoring to remove the need for a cycle.
"shadow*" style props are deprecated. Use "boxShadow".
"textShadow*" style props are deprecated. Use "textShadow".
Require cycle: src/store/index.ts -> src/store/useUsage.ts -> src/services/nativeUsage.ts -> src/store/index.ts

Require cycles are allowed, but can result in uninitialized values. Consider refactoring to remove the need for a cycle.
"shadow*" style props are deprecated. Use "boxShadow".
"textShadow*" style props are deprecated. Use "textShadow".
Require cycle: src/store/index.ts -> src/store/useUsage.ts -> src/services/nativeUsage.ts -> src/store/index.ts

Require cycles are allowed, but can result in uninitialized values. Consider refactoring to remove the need for a cycle.
"shadow*" style props are deprecated. Use "boxShadow".
"textShadow*" style props are deprecated. Use "textShadow".
Require cycle: src/store/index.ts -> src/store/useUsage.ts -> src/services/nativeUsage.ts -> src/store/index.ts

Require cycles are allowed, but can result in uninitialized values. Consider refactoring to remove the need for a cycle.
"shadow*" style props are deprecated. Use "boxShadow".
"textShadow*" style props are deprecated. Use "textShadow".
Require cycle: src/store/index.ts -> src/store/useUsage.ts -> src/services/nativeUsage.ts -> src/store/index.ts

Require cycles are allowed, but can result in uninitialized values. Consider refactoring to remove the need for a cycle.
"shadow*" style props are deprecated. Use "boxShadow".
"textShadow*" style props are deprecated. Use "textShadow".
Require cycle: src/store/index.ts -> src/store/useUsage.ts -> src/services/nativeUsage.ts -> src/store/index.ts

Require cycles are allowed, but can result in uninitialized values. Consider refactoring to remove the need for a cycle.
"shadow*" style props are deprecated. Use "boxShadow".
"textShadow*" style props are deprecated. Use "textShadow".
Require cycle: src/store/index.ts -> src/store/useUsage.ts -> src/services/nativeUsage.ts -> src/store/index.ts

Require cycles are allowed, but can result in uninitialized values. Consider refactoring to remove the need for a cycle.
"shadow*" style props are deprecated. Use "boxShadow".
"textShadow*" style props are deprecated. Use "textShadow".
Require cycle: src/store/index.ts -> src/store/useUsage.ts -> src/services/nativeUsage.ts -> src/store/index.ts

Require cycles are allowed, but can result in uninitialized values. Consider refactoring to remove the need for a cycle.
"shadow*" style props are deprecated. Use "boxShadow".
"textShadow*" style props are deprecated. Use "textShadow".
Require cycle: src/store/index.ts -> src/store/useUsage.ts -> src/services/nativeUsage.ts -> src/store/index.ts

Require cycles are allowed, but can result in uninitialized values. Consider refactoring to remove the need for a cycle.
"shadow*" style props are deprecated. Use "boxShadow".
"textShadow*" style props are deprecated. Use "textShadow".
Require cycle: src/store/index.ts -> src/store/useUsage.ts -> src/services/nativeUsage.ts -> src/store/index.ts

Require cycles are allowed, but can result in uninitialized values. Consider refactoring to remove the need for a cycle.
"shadow*" style props are deprecated. Use "boxShadow".
"textShadow*" style props are deprecated. Use "textShadow".
Require cycle: src/store/index.ts -> src/store/useUsage.ts -> src/services/nativeUsage.ts -> src/store/index.ts

Require cycles are allowed, but can result in uninitialized values. Consider refactoring to remove the need for a cycle.
"shadow*" style props are deprecated. Use "boxShadow".
"textShadow*" style props are deprecated. Use "textShadow".
Require cycle: src/store/index.ts -> src/store/useUsage.ts -> src/services/nativeUsage.ts -> src/store/index.ts

Require cycles are allowed, but can result in uninitialized values. Consider refactoring to remove the need for a cycle.
"shadow*" style props are deprecated. Use "boxShadow".
"textShadow*" style props are deprecated. Use "textShadow".
Require cycle: src/store/index.ts -> src/store/useUsage.ts -> src/services/nativeUsage.ts -> src/store/index.ts

Require cycles are allowed, but can result in uninitialized values. Consider refactoring to remove the need for a cycle.
"shadow*" style props are deprecated. Use "boxShadow".
"textShadow*" style props are deprecated. Use "textShadow".
Require cycle: src/store/index.ts -> src/store/useUsage.ts -> src/services/nativeUsage.ts -> src/store/index.ts

Require cycles are allowed, but can result in uninitialized values. Consider refactoring to remove the need for a cycle.
"shadow*" style props are deprecated. Use "boxShadow".
"textShadow*" style props are deprecated. Use "textShadow".
Require cycle: src/store/index.ts -> src/store/useUsage.ts -> src/services/nativeUsage.ts -> src/store/index.ts

Require cycles are allowed, but can result in uninitialized values. Consider refactoring to remove the need for a cycle.
"shadow*" style props are deprecated. Use "boxShadow".
"textShadow*" style props are deprecated. Use "textShadow".
Require cycle: src/store/index.ts -> src/store/useUsage.ts -> src/services/nativeUsage.ts -> src/store/index.ts

Require cycles are allowed, but can result in uninitialized values. Consider refactoring to remove the need for a cycle.
"shadow*" style props are deprecated. Use "boxShadow".
"textShadow*" style props are deprecated. Use "textShadow".
Require cycle: src/store/index.ts -> src/store/useUsage.ts -> src/services/nativeUsage.ts -> src/store/index.ts

Require cycles are allowed, but can result in uninitialized values. Consider refactoring to remove the need for a cycle.
"shadow*" style props are deprecated. Use "boxShadow".
"textShadow*" style props are deprecated. Use "textShadow".
Require cycle: src/store/index.ts -> src/store/useUsage.ts -> src/services/nativeUsage.ts -> src/store/index.ts

Require cycles are allowed, but can result in uninitialized values. Consider refactoring to remove the need for a cycle.
"shadow*" style props are deprecated. Use "boxShadow".
"textShadow*" style props are deprecated. Use "textShadow".
Require cycle: src/store/index.ts -> src/store/useUsage.ts -> src/services/nativeUsage.ts -> src/store/index.ts

Require cycles are allowed, but can result in uninitialized values. Consider refactoring to remove the need for a cycle.
"shadow*" style props are deprecated. Use "boxShadow".
"textShadow*" style props are deprecated. Use "textShadow".
Require cycle: src/store/index.ts -> src/store/useUsage.ts -> src/services/nativeUsage.ts -> src/store/index.ts

Require cycles are allowed, but can result in uninitialized values. Consider refactoring to remove the need for a cycle.
"shadow*" style props are deprecated. Use "boxShadow".
"textShadow*" style props are deprecated. Use "textShadow".
Require cycle: src/store/index.ts -> src/store/useUsage.ts -> src/services/nativeUsage.ts -> src/store/index.ts

Require cycles are allowed, but can result in uninitialized values. Consider refactoring to remove the need for a cycle.
"shadow*" style props are deprecated. Use "boxShadow".
"textShadow*" style props are deprecated. Use "textShadow".
Require cycle: src/store/index.ts -> src/store/useUsage.ts -> src/services/nativeUsage.ts -> src/store/index.ts

Require cycles are allowed, but can result in uninitialized values. Consider refactoring to remove the need for a cycle.
"shadow*" style props are deprecated. Use "boxShadow".
"textShadow*" style props are deprecated. Use "textShadow".
Require cycle: src/store/index.ts -> src/store/useUsage.ts -> src/services/nativeUsage.ts -> src/store/index.ts

Require cycles are allowed, but can result in uninitialized values. Consider refactoring to remove the need for a cycle.
"shadow*" style props are deprecated. Use "boxShadow".
"textShadow*" style props are deprecated. Use "textShadow".
Require cycle: src/store/index.ts -> src/store/useUsage.ts -> src/services/nativeUsage.ts -> src/store/index.ts

Require cycles are allowed, but can result in uninitialized values. Consider refactoring to remove the need for a cycle.
"shadow*" style props are deprecated. Use "boxShadow".
"textShadow*" style props are deprecated. Use "textShadow".
Require cycle: src/store/index.ts -> src/store/useUsage.ts -> src/services/nativeUsage.ts -> src/store/index.ts

Require cycles are allowed, but can result in uninitialized values. Consider refactoring to remove the need for a cycle.
"shadow*" style props are deprecated. Use "boxShadow".
"textShadow*" style props are deprecated. Use "textShadow".
Require cycle: src/store/index.ts -> src/store/useUsage.ts -> src/services/nativeUsage.ts -> src/store/index.ts

Require cycles are allowed, but can result in uninitialized values. Consider refactoring to remove the need for a cycle.
"shadow*" style props are deprecated. Use "boxShadow".
"textShadow*" style props are deprecated. Use "textShadow".
Require cycle: src/store/index.ts -> src/store/useUsage.ts -> src/services/nativeUsage.ts -> src/store/index.ts

Require cycles are allowed, but can result in uninitialized values. Consider refactoring to remove the need for a cycle.
"shadow*" style props are deprecated. Use "boxShadow".
"textShadow*" style props are deprecated. Use "textShadow".
Require cycle: src/store/index.ts -> src/store/useUsage.ts -> src/services/nativeUsage.ts -> src/store/index.ts

Require cycles are allowed, but can result in uninitialized values. Consider refactoring to remove the need for a cycle.
"shadow*" style props are deprecated. Use "boxShadow".
"textShadow*" style props are deprecated. Use "textShadow".
Require cycle: src/store/index.ts -> src/store/useUsage.ts -> src/services/nativeUsage.ts -> src/store/index.ts

Require cycles are allowed, but can result in uninitialized values. Consider refactoring to remove the need for a cycle.
"shadow*" style props are deprecated. Use "boxShadow".
"textShadow*" style props are deprecated. Use "textShadow".
Require cycle: src/store/index.ts -> src/store/useUsage.ts -> src/services/nativeUsage.ts -> src/store/index.ts

Require cycles are allowed, but can result in uninitialized values. Consider refactoring to remove the need for a cycle.
"shadow*" style props are deprecated. Use "boxShadow".
"textShadow*" style props are deprecated. Use "textShadow".
Require cycle: src/store/index.ts -> src/store/useUsage.ts -> src/services/nativeUsage.ts -> src/store/index.ts

Require cycles are allowed, but can result in uninitialized values. Consider refactoring to remove the need for a cycle.
"shadow*" style props are deprecated. Use "boxShadow".
"textShadow*" style props are deprecated. Use "textShadow".
Require cycle: src/store/index.ts -> src/store/useUsage.ts -> src/services/nativeUsage.ts -> src/store/index.ts

Require cycles are allowed, but can result in uninitialized values. Consider refactoring to remove the need for a cycle.
"shadow*" style props are deprecated. Use "boxShadow".
"textShadow*" style props are deprecated. Use "textShadow".
Require cycle: src/store/index.ts -> src/store/useUsage.ts -> src/services/nativeUsage.ts -> src/store/index.ts

Require cycles are allowed, but can result in uninitialized values. Consider refactoring to remove the need for a cycle.
"shadow*" style props are deprecated. Use "boxShadow".
"textShadow*" style props are deprecated. Use "textShadow".
Require cycle: src/store/index.ts -> src/store/useUsage.ts -> src/services/nativeUsage.ts -> src/store/index.ts

Require cycles are allowed, but can result in uninitialized values. Consider refactoring to remove the need for a cycle.
"shadow*" style props are deprecated. Use "boxShadow".
"textShadow*" style props are deprecated. Use "textShadow".
Require cycle: src/store/index.ts -> src/store/useUsage.ts -> src/services/nativeUsage.ts -> src/store/index.ts

Require cycles are allowed, but can result in uninitialized values. Consider refactoring to remove the need for a cycle.
"shadow*" style props are deprecated. Use "boxShadow".
"textShadow*" style props are deprecated. Use "textShadow".
Require cycle: src/store/index.ts -> src/store/useUsage.ts -> src/services/nativeUsage.ts -> src/store/index.ts

Require cycles are allowed, but can result in uninitialized values. Consider refactoring to remove the need for a cycle.
"shadow*" style props are deprecated. Use "boxShadow".
"textShadow*" style props are deprecated. Use "textShadow".
Require cycle: src/store/index.ts -> src/store/useUsage.ts -> src/services/nativeUsage.ts -> src/store/index.ts

Require cycles are allowed, but can result in uninitialized values. Consider refactoring to remove the need for a cycle.
"shadow*" style props are deprecated. Use "boxShadow".
"textShadow*" style props are deprecated. Use "textShadow".
Require cycle: src/store/index.ts -> src/store/useUsage.ts -> src/services/nativeUsage.ts -> src/store/index.ts

Require cycles are allowed, but can result in uninitialized values. Consider refactoring to remove the need for a cycle.
"shadow*" style props are deprecated. Use "boxShadow".
"textShadow*" style props are deprecated. Use "textShadow".
Require cycle: src/store/index.ts -> src/store/useUsage.ts -> src/services/nativeUsage.ts -> src/store/index.ts

Require cycles are allowed, but can result in uninitialized values. Consider refactoring to remove the need for a cycle.
"shadow*" style props are deprecated. Use "boxShadow".
"textShadow*" style props are deprecated. Use "textShadow".
Require cycle: src/store/index.ts -> src/store/useUsage.ts -> src/services/nativeUsage.ts -> src/store/index.ts

Require cycles are allowed, but can result in uninitialized values. Consider refactoring to remove the need for a cycle.
"shadow*" style props are deprecated. Use "boxShadow".
"textShadow*" style props are deprecated. Use "textShadow".
Require cycle: src/store/index.ts -> src/store/useUsage.ts -> src/services/nativeUsage.ts -> src/store/index.ts

Require cycles are allowed, but can result in uninitialized values. Consider refactoring to remove the need for a cycle.
"shadow*" style props are deprecated. Use "boxShadow".
"textShadow*" style props are deprecated. Use "textShadow".
Require cycle: src/store/index.ts -> src/store/useUsage.ts -> src/services/nativeUsage.ts -> src/store/index.ts

Require cycles are allowed, but can result in uninitialized values. Consider refactoring to remove the need for a cycle.
"shadow*" style props are deprecated. Use "boxShadow".
"textShadow*" style props are deprecated. Use "textShadow".
Require cycle: src/store/index.ts -> src/store/useUsage.ts -> src/services/nativeUsage.ts -> src/store/index.ts

Require cycles are allowed, but can result in uninitialized values. Consider refactoring to remove the need for a cycle.
"shadow*" style props are deprecated. Use "boxShadow".
"textShadow*" style props are deprecated. Use "textShadow".
Require cycle: src/store/index.ts -> src/store/useUsage.ts -> src/services/nativeUsage.ts -> src/store/index.ts

Require cycles are allowed, but can result in uninitialized values. Consider refactoring to remove the need for a cycle.
"shadow*" style props are deprecated. Use "boxShadow".
"textShadow*" style props are deprecated. Use "textShadow".
Require cycle: src/store/index.ts -> src/store/useUsage.ts -> src/services/nativeUsage.ts -> src/store/index.ts

Require cycles are allowed, but can result in uninitialized values. Consider refactoring to remove the need for a cycle.
"shadow*" style props are deprecated. Use "boxShadow".
"textShadow*" style props are deprecated. Use "textShadow".
Require cycle: src/store/index.ts -> src/store/useUsage.ts -> src/services/nativeUsage.ts -> src/store/index.ts

Require cycles are allowed, but can result in uninitialized values. Consider refactoring to remove the need for a cycle.
"shadow*" style props are deprecated. Use "boxShadow".
"textShadow*" style props are deprecated. Use "textShadow".
C:\Users\K.Grover29\OneDrive - Bellarmine College Preparatory\Documents\hopoffv2it\node_modules\expo\node_modules\@expo\cli\build\src\utils\errors.js:130
    throw error;
    ^

Error: ENOENT: no such file or directory, watch 'C:\Users\K.Grover29\OneDrive - Bellarmine College Preparatory\Documents\hopoffv2it\.agents\skills\app-sizzle\references'
    at FSWatcher.<computed> (node:internal/fs/watchers:321:19)
    at Object.watch (node:fs:2548:36)
    at #watchdir (C:\Users\K.Grover29\OneDrive - Bellarmine College Preparatory\Documents\hopoffv2it\node_modules\@expo\metro-file-map\build\watchers\FallbackWatcher.js:164:38)
    at C:\Users\K.Grover29\OneDrive - Bellarmine College Preparatory\Documents\hopoffv2it\node_modules\@expo\metro-file-map\build\watchers\FallbackWatcher.js:268:39
    at Walker.<anonymous> (C:\Users\K.Grover29\OneDrive - Bellarmine College Preparatory\Documents\hopoffv2it\node_modules\@expo\metro-file-map\build\watchers\FallbackWatcher.js:410:33)
    at Walker.emit (node:events:509:28)
    at C:\Users\K.Grover29\OneDrive - Bellarmine College Preparatory\Documents\hopoffv2it\node_modules\walker\lib\walker.js:69:16
    at FSReqCallback.oncomplete (node:fs:185:23) {
  errno: -4058,
  syscall: 'watch',
  code: 'ENOENT',
  path: 'C:\\Users\\K.Grover29\\OneDrive - Bellarmine College Preparatory\\Documents\\hopoffv2it\\.agents\\skills\\app-sizzle\\references',
  filename: 'C:\\Users\\K.Grover29\\OneDrive - Bellarmine College Preparatory\\Documents\\hopoffv2it\\.agents\\skills\\app-sizzle\\references'
}

Node.js v24.16.0
